http_interactions:
- request:
    method: get
    uri: https://namematching-ws.ala.org.au/api/search?q=Litoria
    body:
      encoding: ''
      string: ''
    headers:
      Accept-Encoding: gzip, deflate
      Accept: application/json, text/xml, application/xml, */*
      User-Agent: galah 1.5.1
  response:
    status:
      status_code: '200'
      message: OK
      explanation: Request fulfilled, document follows
    headers:
      status: 'HTTP/2 200 '
      date: Wed, 30 Nov 2022 05:29:34 GMT
      content-type: application/json
      content-length: '499'
      server: nginx/1.23.2
      vary: Accept-Encoding
      content-encoding: gzip
      access-control-allow-methods: GET,OPTIONS,POST
      access-control-allow-headers: DNT,User-Agent,X-Requested-With,If-Modified-Since,Cache-Control,Content-Type,Range
      access-control-expose-headers: Content-Length,Content-Range
      access-control-allow-origin: '*'
      access-control-allow-credentials: 'true'
    body:
      encoding: UTF-8
      file: no
      string: '{"success":true,"scientificName":"Litoria","scientificNameAuthorship":"Tschudi,
        1838","taxonConceptID":"https://biodiversity.org.au/afd/taxa/0df99ece-1982-4605-a2b3-4fcb7660ee2b","rank":"genus","rankID":6000,"lft":39196,"rgt":39352,"matchType":"exactMatch","nameType":"SCIENTIFIC","kingdom":"Animalia","kingdomID":"https://biodiversity.org.au/afd/taxa/4647863b-760d-4b59-aaa1-502c8cdf8d3c","phylum":"Chordata","phylumID":"https://biodiversity.org.au/afd/taxa/065f1da4-53cd-40b8-a396-80fa5c74dedd","classs":"Amphibia","classID":"https://biodiversity.org.au/afd/taxa/0490a9ba-0d08-473d-a709-6c42e354f118","order":"Anura","orderID":"https://biodiversity.org.au/afd/taxa/de0edaae-fd4a-4d37-8c7d-fb4899c81ef7","family":"Hylidae","familyID":"https://biodiversity.org.au/afd/taxa/e57fcee2-be79-4d84-b632-d61843e7c3d9","genus":"Litoria","genusID":"https://biodiversity.org.au/afd/taxa/0df99ece-1982-4605-a2b3-4fcb7660ee2b","speciesGroup":["Animals","Amphibians"],"speciesSubgroup":["Tree
        Frogs"],"issues":["noIssue"]}'
  recorded_at: 2022-11-30 05:29:34 GMT
  recorded_with: vcr/1.0.2, webmockr/0.8.0
- request:
    method: get
    uri: https://biocache-ws.ala.org.au/ws/occurrences/search?fq=%28lsid%3Ahttps%3A%2F%2Fbiodiversity.org.au%2Fafd%2Ftaxa%2F0df99ece-1982-4605-a2b3-4fcb7660ee2b%29&disableAllQualityFilters=true&pageSize=0
    body:
      encoding: ''
      string: ''
    headers:
      Accept-Encoding: gzip, deflate
      Accept: application/json, text/xml, application/xml, */*
      User-Agent: galah 1.5.1
  response:
    status:
      status_code: '200'
      message: OK
      explanation: Request fulfilled, document follows
    headers:
      access-control-allow-headers: x-requested-with
      access-control-allow-methods: POST, GET, OPTIONS, DELETE
      access-control-allow-origin: '*'
      access-control-max-age: '3600'
      cache-control: no-cache, no-store, max-age=0, must-revalidate
      content-encoding: gzip
      content-security-policy: upgrade-insecure-requests
      content-type: application/json
      date: Wed, 30 Nov 2022 05:29:34 GMT
      expires: '0'
      pragma: no-cache
      referrer-policy: strict-origin-when-cross-origin
      server: nginx/1.23.2
      set-cookie:
      - AWSALBTG=UmXUQSQFmFyU9TrsDOYqy9Y8PSrPV5iB+UC3L45R6jPxgwLyh7cZfnxnHsB19sHMGRaoEp6o2bwxXP1mOLOs0W/UhQe+eynbXeCgeFdvhQ7ItVRv2Hn7pdxfSeGC0vVm/oNOZ8kqe9G9dqSU58KUGn4T6PGi0xrA6DIOoKDjWI14;
        Expires=Wed, 07 Dec 2022 05:29:34 GMT; Path=/
      - AWSALBTGCORS=UmXUQSQFmFyU9TrsDOYqy9Y8PSrPV5iB+UC3L45R6jPxgwLyh7cZfnxnHsB19sHMGRaoEp6o2bwxXP1mOLOs0W/UhQe+eynbXeCgeFdvhQ7ItVRv2Hn7pdxfSeGC0vVm/oNOZ8kqe9G9dqSU58KUGn4T6PGi0xrA6DIOoKDjWI14;
        Expires=Wed, 07 Dec 2022 05:29:34 GMT; Path=/; SameSite=None; Secure
      - AWSALB=/GvaK44gwaQk7dBovLLk6pxdMtzmvYDbznBgwIGomrHI3IwUzyrUj6L3rR9Jm4PFNOvPY8qwXLGoIhLrwmdVezohsUiarOcR/rc6TRddm4cmTGwsY8v/eb0GjlN4;
        Expires=Wed, 07 Dec 2022 05:29:34 GMT; Path=/
      - AWSALBCORS=/GvaK44gwaQk7dBovLLk6pxdMtzmvYDbznBgwIGomrHI3IwUzyrUj6L3rR9Jm4PFNOvPY8qwXLGoIhLrwmdVezohsUiarOcR/rc6TRddm4cmTGwsY8v/eb0GjlN4;
        Expires=Wed, 07 Dec 2022 05:29:34 GMT; Path=/; SameSite=None; Secure
      status: 'HTTP/2 200 '
      strict-transport-security: max-age=31536000
      www-authenticate: Bearer realm="authentication required"
      x-content-type-options: nosniff
      x-frame-options:
      - DENY
      - DENY
      x-xss-protection: 1; mode=block
    body:
      encoding: UTF-8
      file: no
      string: '{"pageSize":0,"startIndex":0,"totalRecords":467568,"sort":"score","dir":"asc","status":"OK","occurrences":[],"facetResults":[],"query":"?q=*%3A*&disableAllQualityFilters=true&fq=(lsid%3Ahttps%3A%2F%2Fbiodiversity.org.au%2Fafd%2Ftaxa%2F0df99ece-1982-4605-a2b3-4fcb7660ee2b)","urlParameters":"?q=*%3A*&disableAllQualityFilters=true&fq=(lsid%3Ahttps%3A%2F%2Fbiodiversity.org.au%2Fafd%2Ftaxa%2F0df99ece-1982-4605-a2b3-4fcb7660ee2b)","queryTitle":"[all
        records]","activeFacetMap":{"(lsid":{"name":"(lsid","displayName":"(<span
        class=''lsid'' id=''https://biodiversity.org.au/afd/taxa/0df99ece-1982-4605-a2b3-4fcb7660ee2b''>genus:
        Litoria</span>)","value":"https://biodiversity.org.au/afd/taxa/0df99ece-1982-4605-a2b3-4fcb7660ee2b)"}},"activeFacetObj":{"lsid":[{"name":"lsid","displayName":"(<span
        class=''lsid'' id=''https://biodiversity.org.au/afd/taxa/0df99ece-1982-4605-a2b3-4fcb7660ee2b''>genus:
        Litoria</span>)","value":"(lsid:https://biodiversity.org.au/afd/taxa/0df99ece-1982-4605-a2b3-4fcb7660ee2b)"}]}}'
  recorded_at: 2022-11-30 05:29:34 GMT
  recorded_with: vcr/1.0.2, webmockr/0.8.0
- request:
    method: get
    uri: https://namematching-ws.ala.org.au/api/search?q=Litoria
    body:
      encoding: ''
      string: ''
    headers:
      Accept-Encoding: gzip, deflate
      Accept: application/json, text/xml, application/xml, */*
      User-Agent: galah 1.5.1
  response:
    status:
      status_code: '200'
      message: OK
      explanation: Request fulfilled, document follows
    headers:
      status: 'HTTP/2 200 '
      date: Wed, 30 Nov 2022 05:29:34 GMT
      content-type: application/json
      content-length: '499'
      server: nginx/1.23.2
      vary: Accept-Encoding
      content-encoding: gzip
      access-control-allow-methods: GET,OPTIONS,POST
      access-control-allow-headers: DNT,User-Agent,X-Requested-With,If-Modified-Since,Cache-Control,Content-Type,Range
      access-control-expose-headers: Content-Length,Content-Range
      access-control-allow-origin: '*'
      access-control-allow-credentials: 'true'
    body:
      encoding: UTF-8
      file: no
      string: '{"success":true,"scientificName":"Litoria","scientificNameAuthorship":"Tschudi,
        1838","taxonConceptID":"https://biodiversity.org.au/afd/taxa/0df99ece-1982-4605-a2b3-4fcb7660ee2b","rank":"genus","rankID":6000,"lft":39196,"rgt":39352,"matchType":"exactMatch","nameType":"SCIENTIFIC","kingdom":"Animalia","kingdomID":"https://biodiversity.org.au/afd/taxa/4647863b-760d-4b59-aaa1-502c8cdf8d3c","phylum":"Chordata","phylumID":"https://biodiversity.org.au/afd/taxa/065f1da4-53cd-40b8-a396-80fa5c74dedd","classs":"Amphibia","classID":"https://biodiversity.org.au/afd/taxa/0490a9ba-0d08-473d-a709-6c42e354f118","order":"Anura","orderID":"https://biodiversity.org.au/afd/taxa/de0edaae-fd4a-4d37-8c7d-fb4899c81ef7","family":"Hylidae","familyID":"https://biodiversity.org.au/afd/taxa/e57fcee2-be79-4d84-b632-d61843e7c3d9","genus":"Litoria","genusID":"https://biodiversity.org.au/afd/taxa/0df99ece-1982-4605-a2b3-4fcb7660ee2b","speciesGroup":["Animals","Amphibians"],"speciesSubgroup":["Tree
        Frogs"],"issues":["noIssue"]}'
  recorded_at: 2022-11-30 05:29:34 GMT
  recorded_with: vcr/1.0.2, webmockr/0.8.0
- request:
    method: get
    uri: https://biocache-ws.ala.org.au/ws/occurrences/search?fq=%28lsid%3Ahttps%3A%2F%2Fbiodiversity.org.au%2Fafd%2Ftaxa%2F0df99ece-1982-4605-a2b3-4fcb7660ee2b%29&disableAllQualityFilters=true&pageSize=0
    body:
      encoding: ''
      string: ''
    headers:
      Accept-Encoding: gzip, deflate
      Accept: application/json, text/xml, application/xml, */*
      User-Agent: galah 1.5.1
  response:
    status:
      status_code: '200'
      message: OK
      explanation: Request fulfilled, document follows
    headers:
      access-control-allow-headers: x-requested-with
      access-control-allow-methods: POST, GET, OPTIONS, DELETE
      access-control-allow-origin: '*'
      access-control-max-age: '3600'
      cache-control: no-cache, no-store, max-age=0, must-revalidate
      content-encoding: gzip
      content-security-policy: upgrade-insecure-requests
      content-type: application/json
      date: Wed, 30 Nov 2022 05:29:34 GMT
      expires: '0'
      pragma: no-cache
      referrer-policy: strict-origin-when-cross-origin
      server: nginx/1.23.2
      set-cookie:
      - AWSALBTG=j9bRuhHxklPQ8UnSnT1B1cNOIG04BQBaV/WUPB1vfUkN+/gpY259RvhdN6kYmJn1DRhf3Di883eip2gkV9bhKQsQirEmwcuLlEp3v2kRxJi96tqsEXxfQTQQ6m9/D5bLmvLrEZJykZExcqD+XnL853Rs2wOF6MJR8A1+VIkJyFxW;
        Expires=Wed, 07 Dec 2022 05:29:34 GMT; Path=/
      - AWSALBTGCORS=j9bRuhHxklPQ8UnSnT1B1cNOIG04BQBaV/WUPB1vfUkN+/gpY259RvhdN6kYmJn1DRhf3Di883eip2gkV9bhKQsQirEmwcuLlEp3v2kRxJi96tqsEXxfQTQQ6m9/D5bLmvLrEZJykZExcqD+XnL853Rs2wOF6MJR8A1+VIkJyFxW;
        Expires=Wed, 07 Dec 2022 05:29:34 GMT; Path=/; SameSite=None; Secure
      - AWSALB=EwQ9tc8+7+1u2N6hEM7TG3YCjmGY2AXo/uZtTyfKx3QKXjOIT6nPrPraf4BmXBF1OMQkBbDSf/nHb5ovTRNWlouFyfAWbyilBHnMR0lm2OQokNUtFWWhz8Q1o9dW;
        Expires=Wed, 07 Dec 2022 05:29:34 GMT; Path=/
      - AWSALBCORS=EwQ9tc8+7+1u2N6hEM7TG3YCjmGY2AXo/uZtTyfKx3QKXjOIT6nPrPraf4BmXBF1OMQkBbDSf/nHb5ovTRNWlouFyfAWbyilBHnMR0lm2OQokNUtFWWhz8Q1o9dW;
        Expires=Wed, 07 Dec 2022 05:29:34 GMT; Path=/; SameSite=None; Secure
      status: 'HTTP/2 200 '
      strict-transport-security: max-age=31536000
      www-authenticate: Bearer realm="authentication required"
      x-content-type-options: nosniff
      x-frame-options:
      - DENY
      - DENY
      x-xss-protection: 1; mode=block
    body:
      encoding: UTF-8
      file: no
      string: '{"pageSize":0,"startIndex":0,"totalRecords":467568,"sort":"score","dir":"asc","status":"OK","occurrences":[],"facetResults":[],"query":"?q=*%3A*&disableAllQualityFilters=true&fq=(lsid%3Ahttps%3A%2F%2Fbiodiversity.org.au%2Fafd%2Ftaxa%2F0df99ece-1982-4605-a2b3-4fcb7660ee2b)","urlParameters":"?q=*%3A*&disableAllQualityFilters=true&fq=(lsid%3Ahttps%3A%2F%2Fbiodiversity.org.au%2Fafd%2Ftaxa%2F0df99ece-1982-4605-a2b3-4fcb7660ee2b)","queryTitle":"[all
        records]","activeFacetMap":{"(lsid":{"name":"(lsid","displayName":"(<span
        class=''lsid'' id=''https://biodiversity.org.au/afd/taxa/0df99ece-1982-4605-a2b3-4fcb7660ee2b''>genus:
        Litoria</span>)","value":"https://biodiversity.org.au/afd/taxa/0df99ece-1982-4605-a2b3-4fcb7660ee2b)"}},"activeFacetObj":{"lsid":[{"name":"lsid","displayName":"(<span
        class=''lsid'' id=''https://biodiversity.org.au/afd/taxa/0df99ece-1982-4605-a2b3-4fcb7660ee2b''>genus:
        Litoria</span>)","value":"(lsid:https://biodiversity.org.au/afd/taxa/0df99ece-1982-4605-a2b3-4fcb7660ee2b)"}]}}'
  recorded_at: 2022-11-30 05:29:34 GMT
  recorded_with: vcr/1.0.2, webmockr/0.8.0
